// Jest Snapshot v1, https://goo.gl/fbAQLP

exports[`работа Footer 1`] = `
<div
  className="Footer"
>
  <div
    className="F"
  >
    <h2>
      Моя страница
    </h2>
    <p>
      <button
        id="FirstF"
        onClick={[Function]}
      >
        <span
          className="material-icons"
        >
           person
        </span>
          Моя страница
      </button>
    </p>
    <p>
      <button
        id="SecF"
        onClick={[Function]}
      >
        <span
          className="material-icons"
        >
           shopping_cart
        </span>
          Корзина
      </button>
    </p>
    <p>
      <button
        id="ThF"
        onClick={[Function]}
      >
        <span
          className="material-icons"
        >
           favorite
        </span>
          WishList
      </button>
    </p>
  </div>
  <div
    className="S"
  >
    <h2>
      Наши контакты 
    </h2>
    <p>
      <span
        className="material-icons"
      >
        room
      </span>
         г.Черас, проспект Марна,9
    </p>
    <p>
      <span
        className="material-icons"
      >
         call
      </span>
        80336853937
    </p>
    <p>
      <span
        className="material-icons"
      >
         email
      </span>
        sergeychernogaev1979@gmail.com
    </p>
    <p>
      <span
        className="material-icons"
      >
         schedule
      </span>
        7 дней в неделю с 08:00 до 20:30
    </p>
  </div>
</div>
`;

exports[`работа Footer 2`] = `
<div
  className="Footer"
>
  <div
    className="F"
  >
    <h2>
      Моя страница
    </h2>
    <p>
      <button
        id="FirstF"
        onClick={[Function]}
      >
        <span
          className="material-icons"
        >
           person
        </span>
          Моя страница
      </button>
    </p>
    <p>
      <button
        id="SecF"
        onClick={[Function]}
      >
        <span
          className="material-icons"
        >
           shopping_cart
        </span>
          Корзина
      </button>
    </p>
    <p>
      <button
        id="ThF"
        onClick={[Function]}
      >
        <span
          className="material-icons"
        >
           favorite
        </span>
          WishList
      </button>
    </p>
  </div>
  <div
    className="S"
  >
    <h2>
      Наши контакты 
    </h2>
    <p>
      <span
        className="material-icons"
      >
        room
      </span>
         г.Черас, проспект Марна,9
    </p>
    <p>
      <span
        className="material-icons"
      >
         call
      </span>
        80336853937
    </p>
    <p>
      <span
        className="material-icons"
      >
         email
      </span>
        sergeychernogaev1979@gmail.com
    </p>
    <p>
      <span
        className="material-icons"
      >
         schedule
      </span>
        7 дней в неделю с 08:00 до 20:30
    </p>
  </div>
</div>
`;

exports[`работа Footer 3`] = `
<div
  className="Footer"
>
  <div
    className="F"
  >
    <h2>
      Моя страница
    </h2>
    <p>
      <button
        id="FirstF"
        onClick={[Function]}
      >
        <span
          className="material-icons"
        >
           person
        </span>
          Моя страница
      </button>
    </p>
    <p>
      <button
        id="SecF"
        onClick={[Function]}
      >
        <span
          className="material-icons"
        >
           shopping_cart
        </span>
          Корзина
      </button>
    </p>
    <p>
      <button
        id="ThF"
        onClick={[Function]}
      >
        <span
          className="material-icons"
        >
           favorite
        </span>
          WishList
      </button>
    </p>
  </div>
  <div
    className="S"
  >
    <h2>
      Наши контакты 
    </h2>
    <p>
      <span
        className="material-icons"
      >
        room
      </span>
         г.Черас, проспект Марна,9
    </p>
    <p>
      <span
        className="material-icons"
      >
         call
      </span>
        80336853937
    </p>
    <p>
      <span
        className="material-icons"
      >
         email
      </span>
        sergeychernogaev1979@gmail.com
    </p>
    <p>
      <span
        className="material-icons"
      >
         schedule
      </span>
        7 дней в неделю с 08:00 до 20:30
    </p>
  </div>
</div>
`;

exports[`работа Footer 4`] = `
<div
  className="Footer"
>
  <div
    className="F"
  >
    <h2>
      Моя страница
    </h2>
    <p>
      <button
        id="FirstF"
        onClick={[Function]}
      >
        <span
          className="material-icons"
        >
           person
        </span>
          Моя страница
      </button>
    </p>
    <p>
      <button
        id="SecF"
        onClick={[Function]}
      >
        <span
          className="material-icons"
        >
           shopping_cart
        </span>
          Корзина
      </button>
    </p>
    <p>
      <button
        id="ThF"
        onClick={[Function]}
      >
        <span
          className="material-icons"
        >
           favorite
        </span>
          WishList
      </button>
    </p>
  </div>
  <div
    className="S"
  >
    <h2>
      Наши контакты 
    </h2>
    <p>
      <span
        className="material-icons"
      >
        room
      </span>
         г.Черас, проспект Марна,9
    </p>
    <p>
      <span
        className="material-icons"
      >
         call
      </span>
        80336853937
    </p>
    <p>
      <span
        className="material-icons"
      >
         email
      </span>
        sergeychernogaev1979@gmail.com
    </p>
    <p>
      <span
        className="material-icons"
      >
         schedule
      </span>
        7 дней в неделю с 08:00 до 20:30
    </p>
  </div>
</div>
`;

exports[`работа Footer 5`] = `
<div
  className="Footer"
>
  <div
    className="F"
  >
    <h2>
      Моя страница
    </h2>
    <p>
      <button
        id="FirstF"
        onClick={[Function]}
      >
        <span
          className="material-icons"
        >
           person
        </span>
          Моя страница
      </button>
    </p>
    <p>
      <button
        id="SecF"
        onClick={[Function]}
      >
        <span
          className="material-icons"
        >
           shopping_cart
        </span>
          Корзина
      </button>
    </p>
    <p>
      <button
        id="ThF"
        onClick={[Function]}
      >
        <span
          className="material-icons"
        >
           favorite
        </span>
          WishList
      </button>
    </p>
  </div>
  <div
    className="S"
  >
    <h2>
      Наши контакты 
    </h2>
    <p>
      <span
        className="material-icons"
      >
        room
      </span>
         г.Черас, проспект Марна,9
    </p>
    <p>
      <span
        className="material-icons"
      >
         call
      </span>
        80336853937
    </p>
    <p>
      <span
        className="material-icons"
      >
         email
      </span>
        sergeychernogaev1979@gmail.com
    </p>
    <p>
      <span
        className="material-icons"
      >
         schedule
      </span>
        7 дней в неделю с 08:00 до 20:30
    </p>
  </div>
</div>
`;

exports[`работа Footer 6`] = `
<div
  className="Footer"
>
  <div
    className="F"
  >
    <h2>
      Моя страница
    </h2>
    <p>
      <button
        id="FirstF"
        onClick={[Function]}
      >
        <span
          className="material-icons"
        >
           person
        </span>
          Моя страница
      </button>
    </p>
    <p>
      <button
        id="SecF"
        onClick={[Function]}
      >
        <span
          className="material-icons"
        >
           shopping_cart
        </span>
          Корзина
      </button>
    </p>
    <p>
      <button
        id="ThF"
        onClick={[Function]}
      >
        <span
          className="material-icons"
        >
           favorite
        </span>
          WishList
      </button>
    </p>
  </div>
  <div
    className="S"
  >
    <h2>
      Наши контакты 
    </h2>
    <p>
      <span
        className="material-icons"
      >
        room
      </span>
         г.Черас, проспект Марна,9
    </p>
    <p>
      <span
        className="material-icons"
      >
         call
      </span>
        80336853937
    </p>
    <p>
      <span
        className="material-icons"
      >
         email
      </span>
        sergeychernogaev1979@gmail.com
    </p>
    <p>
      <span
        className="material-icons"
      >
         schedule
      </span>
        7 дней в неделю с 08:00 до 20:30
    </p>
  </div>
</div>
`;

exports[`работа Footer 7`] = `
<div
  className="Footer"
>
  <div
    className="F"
  >
    <h2>
      Моя страница
    </h2>
    <p>
      <button
        id="FirstF"
        onClick={[Function]}
      >
        <span
          className="material-icons"
        >
           person
        </span>
          Моя страница
      </button>
    </p>
    <p>
      <button
        id="SecF"
        onClick={[Function]}
      >
        <span
          className="material-icons"
        >
           shopping_cart
        </span>
          Корзина
      </button>
    </p>
    <p>
      <button
        id="ThF"
        onClick={[Function]}
      >
        <span
          className="material-icons"
        >
           favorite
        </span>
          WishList
      </button>
    </p>
  </div>
  <div
    className="S"
  >
    <h2>
      Наши контакты 
    </h2>
    <p>
      <span
        className="material-icons"
      >
        room
      </span>
         г.Черас, проспект Марна,9
    </p>
    <p>
      <span
        className="material-icons"
      >
         call
      </span>
        80336853937
    </p>
    <p>
      <span
        className="material-icons"
      >
         email
      </span>
        sergeychernogaev1979@gmail.com
    </p>
    <p>
      <span
        className="material-icons"
      >
         schedule
      </span>
        7 дней в неделю с 08:00 до 20:30
    </p>
  </div>
</div>
`;
