// Jest Snapshot v1, https://goo.gl/fbAQLP

exports[`работа Login 1`] = `
<div>
  <div
    className="Top_Buttons"
  >
    <form
      className="login"
      onChange={[Function]}
    >
      <h1>
        Вход в аккаунт
      </h1>
      <label
        htmlFor="MailId"
      >
        Электронная почта
      </label>
      <br />
      <br />
      <input
        id="MailId"
        onChange={[Function]}
        onKeyPress={[Function]}
        type="text"
        value=""
      />
      <span
        className="error"
      >
        
      </span>
      <br />
      <br />
      <label
        htmlFor="Password"
      >
        Пароль
      </label>
      <br />
      <br />
      <input
        id="Password"
        onChange={[Function]}
        onKeyPress={[Function]}
        type="password"
        value=""
      />
      <span
        className="error"
      >
        
      </span>
      <br />
      <br />
      <input
        disabled="disabled"
        onClick={[Function]}
        type="button"
        value="Войти"
      />
      <input
        onClick={[Function]}
        type="button"
        value="Забыли пароль"
      />
    </form>
  </div>
</div>
`;
